Using Expo modules
[Expo] Enabling modular headers for pod ExpoModulesCore
[Expo] Enabling modular headers for pod ExpoModulesJSI
[Expo] Enabling modular headers for pod React-RCTAppDelegate
[Expo] Enabling modular headers for pod React-RCTFabric
[Expo] Enabling modular headers for pod ReactAppDependencyProvider
[Expo] Enabling modular headers for pod React-Core
[Expo] Enabling modular headers for pod ReactCodegen
[Expo] Enabling modular headers for pod RCTRequired
[Expo] Enabling modular headers for pod RCTTypeSafety
[Expo] Enabling modular headers for pod ReactCommon
[Expo] Enabling modular headers for pod React-NativeModulesApple
[Expo] Enabling modular headers for pod Yoga
[Expo] Enabling modular headers for pod React-Fabric
[Expo] Enabling modular headers for pod React-graphics
[Expo] Enabling modular headers for pod React-utils
[Expo] Enabling modular headers for pod React-featureflags
[Expo] Enabling modular headers for pod React-debug
[Expo] Enabling modular headers for pod React-ImageManager
[Expo] Enabling modular headers for pod React-rendererdebug
[Expo] Enabling modular headers for pod React-jsi
[Expo] Enabling modular headers for pod React-renderercss
[Expo] Enabling modular headers for pod hermes-engine
[Expo] Enabling modular headers for pod glog
[Expo] Enabling modular headers for pod boost
[Expo] Enabling modular headers for pod DoubleConversion
[Expo] Enabling modular headers for pod fast_float
[Expo] Enabling modular headers for pod fmt
[Expo] Enabling modular headers for pod RCT-Folly
[Expo] Enabling modular headers for pod SocketRocket
[Expo] Enabling modular headers for pod expo-dev-menu-interface
[Expo] Enabling modular headers for pod EXManifests
[Expo] Enabling modular headers for pod EXUpdatesInterface
[Expo] Enabling modular headers for pod expo-dev-menu
[Expo] Enabling modular headers for pod React-jsinspector
[Expo] Enabling modular headers for pod expo-dev-launcher
Found 2 modules for target `TheBindery`
link_native_modules! {ios_packages: [{configurations: [], name: "expo", root: "/Users/myfuckingmacbookair/Documents/GitHub/bindery/node_modules/expo", path: "../node_modules/expo", podspec_path: "/Users/myfuckingmacbookair/Documents/GitHub/bindery/node_modules/expo/Expo.podspec", script_phases: []}, {configurations: [], name: "react-native-purchases", root: "/Users/myfuckingmacbookair/Documents/GitHub/bindery/node_modules/react-native-purchases", path: "../node_modules/react-native-purchases", podspec_path: "/Users/myfuckingmacbookair/Documents/GitHub/bindery/node_modules/react-native-purchases/RNPurchases.podspec", script_phases: []}], ios_project_root_path: "/Users/myfuckingmacbookair/Documents/GitHub/bindery/ios", react_native_path: "../node_modules/react-native"}
Auto-linking React Native module for target `TheBindery`: RNPurchases
Framework build type is static library
[ReactNativeDependencies] Setting up ReactNativeDependencies...
[ReactNativeDependencies] Building from source: false
[ReactNativeDependencies] Using tarball from URL: https://repo1.maven.org/maven2/com/facebook/react/react-native-artifacts/0.86.0/react-native-artifacts-0.86.0-reactnative-dependencies-debug.tar.gz
[ReactNativeDependencies] Tarball reactnative-dependencies-0.86.0-debug.tar.gz already exists in Pods. Skipping download.
[ReactNativeDependencies] Tarball reactnative-dependencies-0.86.0-release.tar.gz already exists in Pods. Skipping download.
[ReactNativeDependencies] Source: {http: "https://repo1.maven.org/maven2/com/facebook/react/react-native-artifacts/0.86.0/react-native-artifacts-0.86.0-reactnative-dependencies-debug.tar.gz"}
[ReactNativeCore] Setting up ReactNativeCore...
[ReactNativeCore] Building from source: false
Configuring the target with the New Architecture
[ReactNativeCore] Using React Native Core and React Native Dependencies prebuilt versions.
[36m[1m[Codegen][0m Analyzing /Users/myfuckingmacbookair/Documents/GitHub/bindery/package.json[0m
[36m[1m[Codegen][0m [33mSearching for codegen-enabled libraries in the app.[0m
[36m[1m[Codegen][0m [33mThe "codegenConfig" field is not defined in package.json. Assuming there is nothing to generate at the app level.[0m
[36m[1m[Codegen][0m [33mSearching for codegen-enabled libraries in react-native.config.js[0m
[36m[1m[Codegen][0m [33mNo codegen-enabled libraries found.[0m
[36m[1m[Codegen][0m Generating RCTThirdPartyComponentsProvider.h[0m
[36m[1m[Codegen][0m Generated artifact: /Users/myfuckingmacbookair/Documents/GitHub/bindery/ios/build/generated/ios/ReactCodegen/RCTThirdPartyComponentsProvider.h[0m
[36m[1m[Codegen][0m Generating RCTThirdPartyComponentsProvider.mm[0m
[36m[1m[Codegen][0m Generated artifact: /Users/myfuckingmacbookair/Documents/GitHub/bindery/ios/build/generated/ios/ReactCodegen/RCTThirdPartyComponentsProvider.mm[0m
[36m[1m[Codegen][0m Generating RCTModulesProvider.h[0m
[36m[1m[Codegen][0m Generated artifact: /Users/myfuckingmacbookair/Documents/GitHub/bindery/ios/build/generated/ios/ReactCodegen/RCTModuleProviders.h[0m
[36m[1m[Codegen][0m Generating RCTModuleProviders.mm[0m
[36m[1m[Codegen][0m Generated artifact: /Users/myfuckingmacbookair/Documents/GitHub/bindery/ios/build/generated/ios/ReactCodegen/RCTModuleProviders.mm[0m
[36m[1m[Codegen][0m Generating RCTAppDependencyProvider[0m
[36m[1m[Codegen][0m Generated artifact: /Users/myfuckingmacbookair/Documents/GitHub/bindery/ios/build/generated/ios/ReactAppDependencyProvider/RCTAppDependencyProvider.h[0m
[36m[1m[Codegen][0m Generated artifact: /Users/myfuckingmacbookair/Documents/GitHub/bindery/ios/build/generated/ios/ReactAppDependencyProvider/RCTAppDependencyProvider.mm[0m
[36m[1m[Codegen][0m Generated podspec: /Users/myfuckingmacbookair/Documents/GitHub/bindery/ios/build/generated/ios/ReactAppDependencyProvider/ReactAppDependencyProvider.podspec[0m
[36m[1m[Codegen][0m Generated podspec: /Users/myfuckingmacbookair/Documents/GitHub/bindery/ios/build/generated/ios/ReactCodegen/ReactCodegen.podspec[0m
[36m[1m[Codegen][0m Generating Package.swift[0m
[36m[1m[Codegen][0m Generated artifact: /Users/myfuckingmacbookair/Documents/GitHub/bindery/ios/build/generated/ios/Package.swift[0m
[36m[1m[Codegen][0m [33mDone.[0m
[ReactNativeDependencies] Using tarball from URL: https://repo1.maven.org/maven2/com/facebook/react/react-native-artifacts/0.86.0/react-native-artifacts-0.86.0-reactnative-dependencies-debug.tar.gz
[ReactNativeDependencies] Tarball reactnative-dependencies-0.86.0-debug.tar.gz already exists in Pods. Skipping download.
[ReactNativeDependencies] Tarball reactnative-dependencies-0.86.0-release.tar.gz already exists in Pods. Skipping download.
Updating local specs repositories
Analyzing dependencies
Fetching podspec for `ExpoFileSystem` from `../node_modules/expo-file-system/ios/ExpoFileSystem.podspec`
Fetching podspec for `ExpoFont` from `../node_modules/expo-font/ios/ExpoFont.podspec`
Fetching podspec for `ExpoModulesCore` from `../node_modules/expo-modules-core/ExpoModulesCore.podspec`
Fetching podspec for `ExpoModulesWorklets` from `../node_modules/expo-modules-core/ExpoModulesWorklets.podspec`
Fetching podspec for `React-Core-prebuilt` from `../node_modules/react-native/React-Core-prebuilt.podspec`
[ReactNativeCore] Tarball reactnative-core-0.86.0-debug.tar.gz already exists in Pods. Skipping download.
[ReactNativeCore] Tarball reactnative-core-0.86.0-release.tar.gz already exists in Pods. Skipping download.
[ReactNativeCore] Resolved stable ReactNativeCore-prebuilt version:
[ReactNativeCore]   ../../ios/Pods/ReactNativeCore-artifacts/reactnative-core-0.86.0-debug.tar.gz
[ReactNativeCore]   ../../ios/Pods/ReactNativeCore-artifacts/reactnative-core-0.86.0-release.tar.gz
Fetching podspec for `ReactNativeDependencies` from `../node_modules/react-native/third-party-podspecs/ReactNativeDependencies.podspec`
[ReactNativeDependencies] Using tarball from URL: https://repo1.maven.org/maven2/com/facebook/react/react-native-artifacts/0.86.0/react-native-artifacts-0.86.0-reactnative-dependencies-debug.tar.gz
[ReactNativeDependencies] Tarball reactnative-dependencies-0.86.0-debug.tar.gz already exists in Pods. Skipping download.
[ReactNativeDependencies] Tarball reactnative-dependencies-0.86.0-release.tar.gz already exists in Pods. Skipping download.
Fetching podspec for `hermes-engine` from `../node_modules/react-native/sdks/hermes-engine/hermes-engine.podspec`
[Hermes] Using release tarball from URL: https://repo1.maven.org/maven2/com/facebook/hermes/hermes-ios/250829098.0.14/hermes-ios-250829098.0.14-hermes-ios-debug.tar.gz
[Hermes] Tarball hermes-ios-250829098.0.14-debug.tar.gz already exists in Pods. Skipping download.
[Hermes] Tarball hermes-ios-250829098.0.14-release.tar.gz already exists in Pods. Skipping download.
Downloading dependencies
Installing EXConstants (57.0.7)
Installing EXJSONUtils (57.0.1)
Installing EXManifests (57.0.1)
Installing EXUpdatesInterface (57.0.1)
Installing Expo (57.0.9)
Installing ExpoAsset (57.0.7)
Installing ExpoDomWebView (57.0.1)
Installing ExpoFileSystem (57.0.1)
Installing ExpoFont (57.0.1)
Installing ExpoHaptics (57.0.1)
Installing ExpoKeepAwake (57.0.1)
Installing ExpoLogBox (57.0.2)
Installing ExpoModulesCore (57.0.7)
Installing ExpoModulesJSI (57.0.4)
Installing ExpoModulesWorklets (57.0.7)
Installing ExpoSQLite (57.0.1)
Installing ExpoSplashScreen (57.0.5)
Installing FBLazyVector (0.86.0)
Installing PurchasesHybridCommon (18.28.0)
Installing RCTDeprecation (0.86.0)
Installing RCTRequired (0.86.0)
Installing RCTSwiftUI (0.86.0)
Installing RCTSwiftUIWrapper (0.86.0)
Installing RCTTypeSafety (0.86.0)
Installing RNPurchases (10.6.0)
Installing React (0.86.0)
Installing React-Core (0.86.0)
Installing React-Core-prebuilt (0.86.0)
Installing React-CoreModules (0.86.0)
Installing React-Fabric (0.86.0)
Installing React-FabricComponents (0.86.0)
Installing React-FabricImage (0.86.0)
Installing React-ImageManager (0.86.0)
Installing React-Mapbuffer (0.86.0)
Installing React-NativeModulesApple (0.86.0)
Installing React-RCTActionSheet (0.86.0)
Installing React-RCTAnimation (0.86.0)
Installing React-RCTAppDelegate (0.86.0)
Installing React-RCTBlob (0.86.0)
Installing React-RCTFBReactNativeSpec (0.86.0)
Installing React-RCTFabric (0.86.0)
Installing React-RCTImage (0.86.0)
Installing React-RCTLinking (0.86.0)
Installing React-RCTNetwork (0.86.0)
Installing React-RCTRuntime (0.86.0)
Installing React-RCTSettings (0.86.0)
Installing React-RCTText (0.86.0)
Installing React-RCTVibration (0.86.0)
Installing React-RuntimeApple (0.86.0)
Installing React-RuntimeCore (0.86.0)
Installing React-RuntimeHermes (0.86.0)
Installing React-callinvoker (0.86.0)
Installing React-cxxreact (0.86.0)
Installing React-debug (0.86.0)
Installing React-defaultsnativemodule (0.86.0)
Installing React-domnativemodule (0.86.0)
Installing React-featureflags (0.86.0)
Installing React-featureflagsnativemodule (0.86.0)
Installing React-graphics (0.86.0)
Installing React-hermes (0.86.0)
Installing React-idlecallbacksnativemodule (0.86.0)
Installing React-intersectionobservernativemodule (0.86.0)
Installing React-jserrorhandler (0.86.0)
Installing React-jsi (0.86.0)
Installing React-jsiexecutor (0.86.0)
Installing React-jsinspector (0.86.0)
Installing React-jsinspectorcdp (0.86.0)
Installing React-jsinspectornetwork (0.86.0)
Installing React-jsinspectortracing (0.86.0)
Installing React-jsitooling (0.86.0)
Installing React-jsitracing (0.86.0)
Installing React-logger (0.86.0)
Installing React-microtasksnativemodule (0.86.0)
Installing React-mutationobservernativemodule (0.86.0)
Installing React-networking (0.86.0)
Installing React-oscompat (0.86.0)
Installing React-perflogger (0.86.0)
Installing React-performancecdpmetrics (0.86.0)
Installing React-performancetimeline (0.86.0)
Installing React-rendererconsistency (0.86.0)
Installing React-renderercss (0.86.0)
Installing React-rendererdebug (0.86.0)
Installing React-runtimeexecutor (0.86.0)
Installing React-runtimescheduler (0.86.0)
Installing React-timing (0.86.0)
Installing React-utils (0.86.0)
Installing React-viewtransitionnativemodule (0.86.0)
Installing React-webperformancenativemodule (0.86.0)
Installing ReactAppDependencyProvider (0.86.0)
Installing ReactCodegen (0.86.0)
Installing ReactCommon (0.86.0)
Installing ReactNativeDependencies (0.86.0)
Installing RevenueCat (5.83.0)
Installing Yoga (0.0.0)
Installing expo-dev-client (57.0.10)
Installing expo-dev-launcher (57.0.10)
Installing expo-dev-menu (57.0.10)
Installing expo-dev-menu-interface (57.0.0)
Installing hermes-engine (250829098.0.14)
[Expo] Ensuring required slices in ExpoModulesJSI.xcframework
Generating Pods project
Setting USE_HERMES build settings
Setting REACT_NATIVE_PATH build settings
Setting SWIFT_ACTIVE_COMPILATION_CONDITIONS build settings
[Ccache]: Removing Ccache from CC, LD, CXX & LDPLUSPLUS build settings
Setting SWIFT_ENABLE_EXPLICIT_MODULES build settings
[ReactNativeCore] Processing VFS overlay file...
[ReactNativeCore]   Created VFS overlay at /Users/myfuckingmacbookair/Documents/GitHub/bindery/ios/Pods/React-Core-prebuilt/React-VFS.yaml
[ReactNativeCore] VFS overlay setup complete
[ReactNativeCore] Configuring xcconfig for prebuilt React Native Core...
[ReactNativeCore] Prebuilt xcconfig configuration complete
[SPM] Cleaning old SPM dependencies from Pods project
[SPM] Adding SPM dependencies to Pods project
[Privacy Manifest Aggregation] No existing PrivacyInfo.xcprivacy file found, creating a new one.
[Privacy Manifest Aggregation] Reading .xcprivacy files to aggregate all used Required Reason APIs.
file_root: TheBindery
Setting CLANG_CXX_LANGUAGE_STANDARD to c++20 on /Users/myfuckingmacbookair/Documents/GitHub/bindery/ios/TheBindery.xcodeproj

==================== DEPRECATION NOTICE =====================
Calling `pod install` directly is deprecated in React Native
because we are moving away from Cocoapods toward alternative
solutions to build the project.
* If you are using Expo, please run:
`npx expo run:ios`
* If you are using the Community CLI, please run:
`yarn ios`
=============================================================

Pod install took 116 [s] to run
Integrating client project

[!] Please close any current Xcode sessions and use `TheBindery.xcworkspace` for this project from now on.
[Expo] Installing the build script for target TheBindery
Pod installation complete! There are 98 dependencies from the Podfile and 99 total pods installed.
[Expo-precompiled] Precompiled modules:
[Expo-precompiled]   📦 ExpoFileSystem (57.0.1)
[Expo-precompiled]   📦 ExpoFont (57.0.1)
[Expo-precompiled]   📦 ExpoModulesCore (57.0.7)
[Expo-precompiled]   📦 ExpoModulesWorklets (57.0.7)
[Expo] Disabling SWIFT_EMIT_MODULE_INTERFACE for pod targets (prebuilt React compatibility)
[Expo-precompiled] Looking for ExpoModulesCore.xcframework at: /Users/myfuckingmacbookair/Documents/GitHub/bindery/ios/Pods/ExpoModulesCore/ExpoModulesCore.xcframework
[Expo-precompiled] Adding ExpoModulesJSI header search paths to all targets
[Expo] Adding '[Expo] Remove duplicate codegen output' build phase to ReactCodegen
[Expo] Raised resource bundle deployment targets to match their pods: PurchasesHybridCommon-PurchasesHybridCommon, RevenueCat-RevenueCat

[!] ExpoFileSystem has added 2 script phases. Please inspect before executing a build. See `https://guides.cocoapods.org/syntax/podspec.html#script_phases` for more information.

[!] ExpoFont has added 2 script phases. Please inspect before executing a build. See `https://guides.cocoapods.org/syntax/podspec.html#script_phases` for more information.

[!] ExpoModulesCore has added 2 script phases. Please inspect before executing a build. See `https://guides.cocoapods.org/syntax/podspec.html#script_phases` for more information.

[!] ExpoModulesWorklets has added 2 script phases. Please inspect before executing a build. See `https://guides.cocoapods.org/syntax/podspec.html#script_phases` for more information.

[!] React-Core-prebuilt has added 1 script phase. Please inspect before executing a build. See `https://guides.cocoapods.org/syntax/podspec.html#script_phases` for more information.

[!] ReactNativeDependencies has added 1 script phase. Please inspect before executing a build. See `https://guides.cocoapods.org/syntax/podspec.html#script_phases` for more information.

[!] hermes-engine has added 1 script phase. Please inspect before executing a build. See `https://guides.cocoapods.org/syntax/podspec.html#script_phases` for more information.
